MySQL Shell 8.0.32

Copyright (c) 2016, 2023, Oracle and/or its affiliates.
Oracle is a registered trademark of Oracle Corporation and/or its affiliates.
Other names may be trademarks of their respective owners.

Type '\help' or '\?' for help; '\quit' to exit.
 MySQL  JS > \sql
Switching to SQL mode... Commands end with ;
 MySQL  SQL > \connect --mc root@localhost
Creating a Classic session to 'root@localhost'
Please provide the password for 'root@localhost': **********
Save password for 'root@localhost'? [Y]es/[N]o/Ne[v]er (default No): n
Fetching global names for auto-completion... Press ^C to stop.
Your MySQL connection id is 8
Server version: 8.0.32 MySQL Community Server - GPL
No default schema selected; type \use <schema> to set one.
 MySQL  localhost:3306 ssl  SQL > \use eva2
MySQL Error 1049: Unknown database 'eva2'
 MySQL  localhost:3306 ssl  SQL > show databases;
+--------------------+
| Database           |
+--------------------+
| agencia            |
| empresa            |
| eva_2              |
| evaluacion_1       |
| information_schema |
| mysql              |
| performance_schema |
| sakila             |
| sys                |
| world              |
+--------------------+
10 rows in set (0.0388 sec)
 MySQL  localhost:3306 ssl  SQL > use eva_2;
Default schema set to `eva_2`.
Fetching global names, object names from `eva_2` for auto-completion... Press ^C to stop.
 MySQL  localhost:3306 ssl  eva_2  SQL > show tables;
+-----------------+
| Tables_in_eva_2 |
+-----------------+
| detalle_factura |
| factura         |
+-----------------+
2 rows in set (0.0019 sec)
 MySQL  localhost:3306 ssl  eva_2  SQL > show create table factura;
+---------+----------------------------------------------------------------------------------------------------------------------------------------------------------------------------------------------------+
| Table   | Create Table
                                                           |
+---------+----------------------------------------------------------------------------------------------------------------------------------------------------------------------------------------------------+
| factura | CREATE TABLE `factura` (
  `id` int NOT NULL AUTO_INCREMENT,
  `id_cliente` int NOT NULL,
  PRIMARY KEY (`id`)
) ENGINE=InnoDB AUTO_INCREMENT=9 DEFAULT CHARSET=utf8mb4 COLLATE=utf8mb4_0900_ai_ci |
+---------+----------------------------------------------------------------------------------------------------------------------------------------------------------------------------------------------------+
1 row in set (0.0484 sec)
 MySQL  localhost:3306 ssl  eva_2  SQL > show create table detalle_factura;
+-----------------+------------------------------------------------------------------------------------------------------------------------------------------------------------------------------------------------------------------------------------------------------------------------------------------------------------------------------------------------------------------------------------------------------------------------+
| Table           | Create Table

                                                                                                                                   |
+-----------------+------------------------------------------------------------------------------------------------------------------------------------------------------------------------------------------------------------------------------------------------------------------------------------------------------------------------------------------------------------------------------------------------------------------------+
| detalle_factura | CREATE TABLE `detalle_factura` (
  `id` int NOT NULL AUTO_INCREMENT,
  `id_factura` int DEFAULT NULL,
  `id_producto` int DEFAULT NULL,
  PRIMARY KEY (`id`),
  KEY `id_factura` (`id_factura`),
  CONSTRAINT `detalle_factura_ibfk_1` FOREIGN KEY (`id_factura`) REFERENCES `factura` (`id`) ON DELETE RESTRICT ON UPDATE CASCADE
) ENGINE=InnoDB AUTO_INCREMENT=4 DEFAULT CHARSET=utf8mb4 COLLATE=utf8mb4_0900_ai_ci |
+-----------------+------------------------------------------------------------------------------------------------------------------------------------------------------------------------------------------------------------------------------------------------------------------------------------------------------------------------------------------------------------------------------------------------------------------------+
1 row in set (0.0017 sec)
 MySQL  localhost:3306 ssl  eva_2  SQL > create database maestro;
Query OK, 1 row affected (0.0446 sec)
 MySQL  localhost:3306 ssl  eva_2  SQL > create database detalle;
Query OK, 1 row affected (0.0411 sec)
 MySQL  localhost:3306 ssl  eva_2  SQL > use maestro;
Default schema set to `maestro`.
Fetching global names, object names from `maestro` for auto-completion... Press ^C to stop.
 MySQL  localhost:3306 ssl  maestro  SQL > delete database maestro;
ERROR: 1064 (42000): You have an error in your SQL syntax; check the manual that corresponds to your MySQL server version for the right syntax to use near 'database maestro' at line 1
 MySQL  localhost:3306 ssl  maestro  SQL > drop database maestro;
Query OK, 0 rows affected (0.0527 sec)
 MySQL  localhost:3306 ssl  maestro  SQL > drop database detalle;
Query OK, 0 rows affected (0.0404 sec)
 MySQL  localhost:3306 ssl  maestro  SQL > show databases;
+--------------------+
| Database           |
+--------------------+
| agencia            |
| empresa            |
| eva_2              |
| evaluacion_1       |
| information_schema |
| mysql              |
| performance_schema |
| sakila             |
| sys                |
| world              |
+--------------------+
10 rows in set (0.0015 sec)
 MySQL  localhost:3306 ssl  maestro  SQL > use eva_2;
Default schema set to `eva_2`.
Fetching global names, object names from `eva_2` for auto-completion... Press ^C to stop.
 MySQL  localhost:3306 ssl  eva_2  SQL > create table maestro(id int auto_increment key, nombre varchar(20));
Query OK, 0 rows affected (0.0231 sec)
 MySQL  localhost:3306 ssl  eva_2  SQL > show create table maestro;
+---------+-------------------------------------------------------------------------------------------------------------------------------------------------------------------------------------------+
| Table   | Create Table
                                                  |
+---------+-------------------------------------------------------------------------------------------------------------------------------------------------------------------------------------------+
| maestro | CREATE TABLE `maestro` (
  `id` int NOT NULL AUTO_INCREMENT,
  `nombre` varchar(20) DEFAULT NULL,
  PRIMARY KEY (`id`)
) ENGINE=InnoDB DEFAULT CHARSET=utf8mb4 COLLATE=utf8mb4_0900_ai_ci |
+---------+-------------------------------------------------------------------------------------------------------------------------------------------------------------------------------------------+
1 row in set (0.0021 sec)
 MySQL  localhost:3306 ssl  eva_2  SQL > create table detalle(id int auto_increment key, id_maestro int, dato varchar(20), foreing key(id_maestro) references maestro (id) on delete on update no action);
ERROR: 1064 (42000): You have an error in your SQL syntax; check the manual that corresponds to your MySQL server version for the right syntax to use near 'key(id_maestro) references maestro (id) on delete on update no action)' at line 1
 MySQL  localhost:3306 ssl  eva_2  SQL > create table detalle(id int auto_increment key, id_maestro int, dato varchar(20), foreing key(id_maestro) references maestro (id) on delete set null on update no action);
ERROR: 1064 (42000): You have an error in your SQL syntax; check the manual that corresponds to your MySQL server version for the right syntax to use near 'key(id_maestro) references maestro (id) on delete set null on update no action)' at line 1
 MySQL  localhost:3306 ssl  eva_2  SQL > create table detalle(id int auto_increment key, id_maestro int, dato varchar(20), foreign key(id_maestro) references maestro (id) on delete set null on update no action);
Query OK, 0 rows affected (0.0949 sec)
 MySQL  localhost:3306 ssl  eva_2  SQL > show create table;
ERROR: 1064 (42000): You have an error in your SQL syntax; check the manual that corresponds to your MySQL server version for the right syntax to use near '' at line 1
 MySQL  localhost:3306 ssl  eva_2  SQL > show create table detalle;
+---------+----------------------------------------------------------------------------------------------------------------------------------------------------------------------------------------------------------------------------------------------------------------------------------------------------------------------------------------------------------------------+
| Table   | Create Table

                                                                         |
+---------+----------------------------------------------------------------------------------------------------------------------------------------------------------------------------------------------------------------------------------------------------------------------------------------------------------------------------------------------------------------------+
| detalle | CREATE TABLE `detalle` (
  `id` int NOT NULL AUTO_INCREMENT,
  `id_maestro` int DEFAULT NULL,
  `dato` varchar(20) DEFAULT NULL,
  PRIMARY KEY (`id`),
  KEY `id_maestro` (`id_maestro`),
  CONSTRAINT `detalle_ibfk_1` FOREIGN KEY (`id_maestro`) REFERENCES `maestro` (`id`) ON DELETE SET NULL
) ENGINE=InnoDB DEFAULT CHARSET=utf8mb4 COLLATE=utf8mb4_0900_ai_ci |
+---------+----------------------------------------------------------------------------------------------------------------------------------------------------------------------------------------------------------------------------------------------------------------------------------------------------------------------------------------------------------------------+
1 row in set (0.0022 sec)
 MySQL  localhost:3306 ssl  eva_2  SQL > insert into maestro(nombre) value ('ALGO');
Query OK, 1 row affected (0.0077 sec)
 MySQL  localhost:3306 ssl  eva_2  SQL > insert into maestro(nombre) value ('ALGO2');
Query OK, 1 row affected (0.0395 sec)
 MySQL  localhost:3306 ssl  eva_2  SQL > insert into maestro(nombre) value ('ALGO3');
Query OK, 1 row affected (0.0391 sec)
 MySQL  localhost:3306 ssl  eva_2  SQL > insert into maestro(nombre) value ('ALGO4');
Query OK, 1 row affected (0.0382 sec)
 MySQL  localhost:3306 ssl  eva_2  SQL > select * from maestro;
+----+--------+
| id | nombre |
+----+--------+
|  1 | ALGO   |
|  2 | ALGO2  |
|  3 | ALGO3  |
|  4 | ALGO4  |
+----+--------+
4 rows in set (0.0008 sec)
 MySQL  localhost:3306 ssl  eva_2  SQL > insert into detalle(id_maestro, dato) value (1,'ALGO4');
Query OK, 1 row affected (0.0037 sec)
 MySQL  localhost:3306 ssl  eva_2  SQL > insert into detalle(id_maestro, dato) value (1,'sajdh');
Query OK, 1 row affected (0.0386 sec)
 MySQL  localhost:3306 ssl  eva_2  SQL > insert into detalle(id_maestro, dato) value (2,'ssffdh');
Query OK, 1 row affected (0.0393 sec)
 MySQL  localhost:3306 ssl  eva_2  SQL > select * from detalle;
+----+------------+--------+
| id | id_maestro | dato   |
+----+------------+--------+
|  1 |          1 | ALGO4  |
|  2 |          1 | sajdh  |
|  3 |          2 | ssffdh |
+----+------------+--------+
3 rows in set (0.0007 sec)
 MySQL  localhost:3306 ssl  eva_2  SQL > delete from maestro where id=1;
Query OK, 1 row affected (0.0395 sec)
 MySQL  localhost:3306 ssl  eva_2  SQL > select * from maestro;
+----+--------+
| id | nombre |
+----+--------+
|  2 | ALGO2  |
|  3 | ALGO3  |
|  4 | ALGO4  |
+----+--------+
3 rows in set (0.0006 sec)
 MySQL  localhost:3306 ssl  eva_2  SQL > select * from detalle;
+----+------------+--------+
| id | id_maestro | dato   |
+----+------------+--------+
|  1 |       NULL | ALGO4  |
|  2 |       NULL | sajdh  |
|  3 |          2 | ssffdh |
+----+------------+--------+
3 rows in set (0.0007 sec)
 MySQL  localhost:3306 ssl  eva_2  SQL > update maestro set id=6 where id=2;
ERROR: 1451 (23000): Cannot delete or update a parent row: a foreign key constraint fails (`eva_2`.`detalle`, CONSTRAINT `detalle_ibfk_1` FOREIGN KEY (`id_maestro`) REFERENCES `maestro` (`id`) ON DELETE SET NULL)
 MySQL  localhost:3306 ssl  eva_2  SQL > create table (id int auto_increment key, nombre varchar(20) not null, compannia char(3) not null, direccion int not null, cp varchar() not null);
ERROR: 1064 (42000): You have an error in your SQL syntax; check the manual that corresponds to your MySQL server version for the right syntax to use near '(id int auto_increment key, nombre varchar(20) not null, compannia char(3) not n' at line 1
 MySQL  localhost:3306 ssl  eva_2  SQL > create table (id int auto_increment key, nombre varchar(20) not null, compannia varchar(3) not null, direccion int not null, cp varchar() not null);
ERROR: 1064 (42000): You have an error in your SQL syntax; check the manual that corresponds to your MySQL server version for the right syntax to use near '(id int auto_increment key, nombre varchar(20) not null, compannia varchar(3) no' at line 1
 MySQL  localhost:3306 ssl  eva_2  SQL > create table (id int auto_increment key, nombre varchar(20) not null, compannia varchar(3) not null, direccion int not null, cp varchar(6) not null, foreign key(id) references);
ERROR: 1064 (42000): You have an error in your SQL syntax; check the manual that corresponds to your MySQL server version for the right syntax to use near '(id int auto_increment key, nombre varchar(20) not null, compannia varchar(3) no' at line 1
 MySQL  localhost:3306 ssl  eva_2  SQL > create table contacts(contact_id int auto_increment key, name varchar(60), company varchar(60), address varchar(60), zipcode varchar(10));
Query OK, 0 rows affected (0.0620 sec)
 MySQL  localhost:3306 ssl  eva_2  SQL > create table phones(phone_id int auto_increment key, contact_id int, phone varchar(20), foreign key (contact_id) reference contacts(contact_id) on delete restrict on update cascade);
ERROR: 1064 (42000): You have an error in your SQL syntax; check the manual that corresponds to your MySQL server version for the right syntax to use near 'reference contacts(contact_id) on delete restrict on update cascade)' at line 1
 MySQL  localhost:3306 ssl  eva_2  SQL > create table phones(phone_id int auto_increment key, contact_id int, phone varchar(20), foreign key (contact_id) references contacts(contact_id) on delete restrict on update cascade);
Query OK, 0 rows affected (0.1030 sec)
 MySQL  localhost:3306 ssl  eva_2  SQL > show create table phones;
+--------+------------------------------------------------------------------------------------------------------------------------------------------------------------------------------------------------------------------------------------------------------------------------------------------------------------------------------------------------------------------------------------------------------------+
| Table  | Create Table

                                                                                                              |
+--------+------------------------------------------------------------------------------------------------------------------------------------------------------------------------------------------------------------------------------------------------------------------------------------------------------------------------------------------------------------------------------------------------------------+
| phones | CREATE TABLE `phones` (
  `phone_id` int NOT NULL AUTO_INCREMENT,
  `contact_id` int DEFAULT NULL,
  `phone` varchar(20) DEFAULT NULL,
  PRIMARY KEY (`phone_id`),
  KEY `contact_id` (`contact_id`),
  CONSTRAINT `phones_ibfk_1` FOREIGN KEY (`contact_id`) REFERENCES `contacts` (`contact_id`) ON DELETE RESTRICT ON UPDATE CASCADE
) ENGINE=InnoDB DEFAULT CHARSET=utf8mb4 COLLATE=utf8mb4_0900_ai_ci |
+--------+------------------------------------------------------------------------------------------------------------------------------------------------------------------------------------------------------------------------------------------------------------------------------------------------------------------------------------------------------------------------------------------------------------+
1 row in set (0.0023 sec)
 MySQL  localhost:3306 ssl  eva_2  SQL > show create table contacts;
+----------+----------------------------------------------------------------------------------------------------------------------------------------------------------------------------------------------------------------------------------------------------------------------------------------------------------------------------+
| Table    | Create Table

                                |
+----------+----------------------------------------------------------------------------------------------------------------------------------------------------------------------------------------------------------------------------------------------------------------------------------------------------------------------------+
| contacts | CREATE TABLE `contacts` (
  `contact_id` int NOT NULL AUTO_INCREMENT,
  `name` varchar(60) DEFAULT NULL,
  `company` varchar(60) DEFAULT NULL,
  `address` varchar(60) DEFAULT NULL,
  `zipcode` varchar(10) DEFAULT NULL,
  PRIMARY KEY (`contact_id`)
) ENGINE=InnoDB DEFAULT CHARSET=utf8mb4 COLLATE=utf8mb4_0900_ai_ci |
+----------+----------------------------------------------------------------------------------------------------------------------------------------------------------------------------------------------------------------------------------------------------------------------------------------------------------------------------+
1 row in set (0.0025 sec)
 MySQL  localhost:3306 ssl  eva_2  SQL > insert into contact (name, company, address, zipcode) values ('joe', 'ABC', 123, 12345);
ERROR: 1146 (42S02): Table 'eva_2.contact' doesn't exist
 MySQL  localhost:3306 ssl  eva_2  SQL > insert into contacts (name, company, address, zipcode) values ('joe', 'ABC', 123, 12345);
Query OK, 1 row affected (0.0029 sec)
 MySQL  localhost:3306 ssl  eva_2  SQL > insert into contacts (name, company, address, zipcode) values ('joe', 'XNC', 124, 124345);
Query OK, 1 row affected (0.0394 sec)
 MySQL  localhost:3306 ssl  eva_2  SQL > insert into contacts (name, company, address, zipcode) values ('joe', 'BMM', 134, 123345);
Query OK, 1 row affected (0.0392 sec)
 MySQL  localhost:3306 ssl  eva_2  SQL > insert into contacts (name, company, address, zipcode) values ('bill', 'BCM', 164, 123335);
Query OK, 1 row affected (0.0025 sec)
 MySQL  localhost:3306 ssl  eva_2  SQL > select * from contacts;
+------------+------+---------+---------+---------+
| contact_id | name | company | address | zipcode |
+------------+------+---------+---------+---------+
|          1 | joe  | ABC     | 123     | 12345   |
|          2 | joe  | XNC     | 124     | 124345  |
|          3 | joe  | BMM     | 134     | 123345  |
|          4 | bill | BCM     | 164     | 123335  |
+------------+------+---------+---------+---------+
4 rows in set (0.0007 sec)
 MySQL  localhost:3306 ssl  eva_2  SQL >